C251 COMPILER V5.60.0,  main                                                               03/07/23  07:10:43  PAGE 1   


C251 COMPILER V5.60.0, COMPILATION OF MODULE main
OBJECT MODULE PLACED IN .\Objects\main.obj
COMPILER INVOKED BY: D:\Keil_v5\C251\BIN\C251.EXE main.c LARGE INTR2 BROWSE INCDIR(.\Application;.\Bsp;.\Componenets;.\L
                    -ib;.\Devices) DEBUG PRINT(.\Listings\main.lst) TABS(2) OBJECT(.\Objects\main.obj) 

stmt  level    source

    1          #include "config.h"
    2          #include "main.h"
    3          #include "bsp_delay.h"
    4          #include "bsp_tim.h"
    5          #include "bsp_gpio.h"
    6          #include "bsp_uart.h"
    7          #include "bsp_pwm.h"
    8          #include "bsp_i2c.h"
    9          #include "bsp_can.h"
   10          #include "BLDC.h"
   11          #include "AS5600.h"
   12          /*
   13                             _ooOoo_
   14                            o8888888o
   15                            88" . "88
   16                            (| -_- |)
   17                            O\  =  /O
   18                         ____/`---'\____
   19                       .'  \\|     |//  `.
   20                      /  \\|||  :  |||//  \
   21                     /  _||||| -:- |||||-  \
   22                     |   | \\\  -  /// |   |
   23                     | \_|  ''\---/''  |   |
   24                     \  .-\__  `-`  ___/-. /
   25                   ___`. .'  /--.--\  `. . __
   26                ."" '<  `.___\_<|>_/___.'  >'"".
   27               | | :  `- \`.;`\ _ /`;.`/ - ` : | |
   28               \  \ `-.   \_ __\ /__ _/   .-` /  /
   29          ======`-.____`-.___\_____/___.-`____.-'======
   30                             `=---='
   31          */
   32          void RCC_init(void);
   33          int velocity;
   34          void main(void)
   35          {
   36   1        int n,i;
   37   1        RCC_init();
   38   1        GPIO_config();
   39   1        UART_config();
   40   1        Timer_config();
   41   1        PWM_config();
   42   1        I2C_config();
   43   1        CAN_config();
   44   1        AS5600_init();
   45   1        EA = 1;
   46   1        bldc_init(&bldc_clslp,16,7,0x201);
   47   1      //  bldc_clslp_init(&bldc_clslp);
   48   1      //    bldc_clslp.target_velocity=3.14;
   49   1      //    bldc_clslp.control_mode=velocity_Closeloop;
   50   1        while (1)
   51   1        {
   52   2          BLDC_control(&bldc_clslp);
   53   2          if(B_Can1Read)      //判断 CAN1 是否接收到数据
   54   2          {
   55   3            B_Can1Read = 0;
   56   3            CANSEL = CAN1;    //选择CAN1模块
   57   3                   n = CanReadMsg(CAN1_Rx);    //读取接收内容
   58   3                   if(n>0)
C251 COMPILER V5.60.0,  main                                                               03/07/23  07:10:43  PAGE 2   

   59   3                   {
   60   4                       for(i=0;i<n;i++)
   61   4                       {
   62   5       //                    printf("CAN1 ID=0x%08lX DLC=%d FF=%d RTR=%d ",CAN1_Rx[i].ID,CAN1_Rx[i].DLC,CAN1_Rx
             -[i].FF,CAN1_Rx[i].RTR);   //串口打印帧信息
   63   5                          
   64   5                           if(CAN1_Rx[i].ID==bldc_clslp.ID)
   65   5                           {
   66   6                               bldc_clslp.control_mode=CAN1_Rx[i].DataBuffer[0];
   67   6                               if(bldc_clslp.control_mode!=bldc_clslp.prev_control_mode)
   68   6                               {
   69   7                                   bldc_clslp.prev_control_mode=bldc_clslp.control_mode;
   70   7      
   71   7                               }
   72   6                               switch (bldc_clslp.control_mode)
   73   6                               {
   74   7                               case velocity_Closeloop:
   75   7                                velocity=CAN1_Rx[i].DataBuffer[1]<<8 | CAN1_Rx[i].DataBuffer[2];
   76   7       //                            bldc_clslp.target_velocity=(CAN1_Rx[i].DataBuffer[1]<<8 | CAN1_Rx[i].DataB
             -uffer[2])*3.14/180;
   77   7                                    bldc_clslp.target_velocity=(float)velocity*3.14/180;
   78   7                                    printf("n:%d,velocity:%f\r\n",n,bldc_clslp.target_velocity);
   79   7                                   break;
   80   7                               default:
   81   7                                   break;
   82   7                               }
   83   6                           }
   84   5                           
   85   5                       }
   86   4                   }
   87   3          }
   88   2        }
   89   1      }
   90          
   91          
   92          
   93          
   94          
   95          
   96          
   97          void RCC_init(void)
   98          {
   99   1        WTST = 0;
  100   1        EAXSFR();   //扩展SFR(XFR)访问使能 
  101   1        CKCON = 0;      //提高访问XRAM速度
  102   1      }
  103          
  104          


Module Information          Static   Overlayable
------------------------------------------------
  code size            =       339     ------
  ecode size           =    ------     ------
  data size            =    ------     ------
  idata size           =    ------     ------
  pdata size           =    ------     ------
  xdata size           =         2     ------
  xdata-const size     =    ------     ------
  edata size           =    ------     ------
  bit size             =    ------     ------
  ebit size            =    ------     ------
  bitaddressable size  =    ------     ------
  ebitaddressable size =    ------     ------
  far data size        =    ------     ------
  huge data size       =    ------     ------
  const size           =    ------     ------
C251 COMPILER V5.60.0,  main                                                               03/07/23  07:10:43  PAGE 3   

  hconst size          =        19     ------
End of Module Information.


C251 COMPILATION COMPLETE.  0 WARNING(S),  0 ERROR(S)
