C251 COMPILER V5.60.0,  STC32G_Timer_Isr                                                   01/07/23  18:31:47  PAGE 1   


C251 COMPILER V5.60.0, COMPILATION OF MODULE STC32G_Timer_Isr
OBJECT MODULE PLACED IN .\Objects\STC32G_Timer_Isr.obj
COMPILER INVOKED BY: D:\Keil_v5\C251\BIN\C251.EXE Lib\STC32G_Timer_Isr.c LARGE INTR2 BROWSE INCDIR(.\Application;.\Bsp;.
                    -\Componenets;.\Lib;.\Devices) DEBUG PRINT(.\Listings\STC32G_Timer_Isr.lst) TABS(2) OBJECT(.\Objects\STC32G_Timer_Isr.obj
                    -) 

stmt  level    source

    1          /*---------------------------------------------------------------------*/
    2          /* --- STC MCU Limited ------------------------------------------------*/
    3          /* --- STC 1T Series MCU Demo Programme -------------------------------*/
    4          /* --- Mobile: (86)13922805190 ----------------------------------------*/
    5          /* --- Fax: 86-0513-55012956,55012947,55012969 ------------------------*/
    6          /* --- Tel: 86-0513-55012928,55012929,55012966 ------------------------*/
    7          /* --- Web: www.STCAI.com ---------------------------------------------*/
    8          /* --- Web: www.STCMCUDATA.com  ---------------------------------------*/
    9          /* --- BBS: www.STCAIMCU.com  -----------------------------------------*/
   10          /* --- QQ:  800003751 -------------------------------------------------*/
   11          /* 如果要在程序中使用此代码,请在程序中注明使用了STC的资料及程序            */
   12          /*---------------------------------------------------------------------*/
   13          
   14          #include  "STC32G_Timer.h"
   15          //========================================================================
   16          // 函数: Timer0_ISR_Handler
   17          // 描述: Timer0中断函数.
   18          // 参数: none.
   19          // 返回: none.
   20          // 版本: V1.0, 2020-09-23
   21          //========================================================================
   22          extern u16 Ts;
   23          void Timer0_ISR_Handler (void) interrupt TMR0_VECTOR    //进中断时已经清除标志
   24          {
   25   1        // TODO: 在此处添加用户代码
   26   1      //  Ts++;
   27   1      
   28   1      }
   29          
   30          //========================================================================
   31          // 函数: Timer1_ISR_Handler
   32          // 描述: Timer1中断函数.
   33          // 参数: none.
   34          // 返回: none.
   35          // 版本: V1.0, 2020-09-23
   36          //========================================================================
   37          void Timer1_ISR_Handler (void) interrupt TMR1_VECTOR    //进中断时已经清除标志
   38          {
   39   1        // TODO: 在此处添加用户代码
   40   1      }
   41          
   42          //========================================================================
   43          // 函数: Timer2_ISR_Handler
   44          // 描述: Timer2中断函数.
   45          // 参数: none.
   46          // 返回: none.
   47          // 版本: V1.0, 2020-09-23
   48          //========================================================================
   49          void Timer2_ISR_Handler (void) interrupt TMR2_VECTOR    //进中断时已经清除标志
   50          {
   51   1        // TODO: 在此处添加用户代码
   52   1      }
   53          
   54          //========================================================================
   55          // 函数: Timer3_ISR_Handler
   56          // 描述: Timer3中断函数.
   57          // 参数: none.
C251 COMPILER V5.60.0,  STC32G_Timer_Isr                                                   01/07/23  18:31:47  PAGE 2   

   58          // 返回: none.
   59          // 版本: V1.0, 2020-09-23
   60          //========================================================================
   61          void Timer3_ISR_Handler (void) interrupt TMR3_VECTOR    //进中断时已经清除标志
   62          {
   63   1        // TODO: 在此处添加用户代码
   64   1      }
   65          
   66          //========================================================================
   67          // 函数: Timer4_ISR_Handler
   68          // 描述: Timer4中断函数.
   69          // 参数: none.
   70          // 返回: none.
   71          // 版本: V1.0, 2020-09-23
   72          //========================================================================
   73          void Timer4_ISR_Handler (void) interrupt TMR4_VECTOR    //进中断时已经清除标志
   74          {
   75   1        // TODO: 在此处添加用户代码
   76   1      
   77   1      }


Module Information          Static   Overlayable
------------------------------------------------
  code size            =        20     ------
  ecode size           =    ------     ------
  data size            =    ------     ------
  idata size           =    ------     ------
  pdata size           =    ------     ------
  xdata size           =    ------     ------
  xdata-const size     =    ------     ------
  edata size           =    ------     ------
  bit size             =    ------     ------
  ebit size            =    ------     ------
  bitaddressable size  =    ------     ------
  ebitaddressable size =    ------     ------
  far data size        =    ------     ------
  huge data size       =    ------     ------
  const size           =    ------     ------
  hconst size          =    ------     ------
End of Module Information.


C251 COMPILATION COMPLETE.  0 WARNING(S),  0 ERROR(S)
